[INFO] Scanning for projects...
[INFO] 
[INFO] -----------------------< com.example:placement >------------------------
[INFO] Building placement-backend 0.0.1-SNAPSHOT
[INFO]   from pom.xml
[INFO] --------------------------------[ jar ]---------------------------------
[INFO] 
[INFO] >>> spring-boot:4.0.3:run (default-cli) > test-compile @ placement >>>
[INFO] 
[INFO] --- resources:3.3.1:resources (default-resources) @ placement ---
[INFO] Copying 1 resource from src\main\resources to target\classes
[INFO] Copying 0 resource from src\main\resources to target\classes
[INFO] 
[INFO] --- compiler:3.14.1:compile (default-compile) @ placement ---
[INFO] Nothing to compile - all classes are up to date.
[INFO] 
[INFO] --- resources:3.3.1:testResources (default-testResources) @ placement ---
[INFO] skip non existing resourceDirectory C:\Users\dibya\OneDrive\Desktop\New folder\placement-backend\src\test\resources
[INFO] 
[INFO] --- compiler:3.14.1:testCompile (default-testCompile) @ placement ---
[INFO] Nothing to compile - all classes are up to date.
[INFO] 
[INFO] <<< spring-boot:4.0.3:run (default-cli) < test-compile @ placement <<<
[INFO] 
[INFO] 
[INFO] --- spring-boot:4.0.3:run (default-cli) @ placement ---
[INFO] Attaching agents: []

  .   ____          _            __ _ _
 /\\ / ___'_ __ _ _(_)_ __  __ _ \ \ \ \
( ( )\___ | '_ | '_| | '_ \/ _` | \ \ \ \
 \\/  ___)| |_)| | | | | || (_| |  ) ) ) )
  '  |____| .__|_| |_|_| |_\__, | / / / /
 =========|_|==============|___/=/_/_/_/

 :: Spring Boot ::                (v4.0.3)

2026-03-18T15:16:50.903+05:30  INFO 41588 --- [placement-backend] [           main] c.o.p.PlacementBackendApplication        : Starting PlacementBackendApplication using Java 21.0.2 with PID 41588 (C:\Users\dibya\OneDrive\Desktop\New folder\placement-backend\target\classes started by dibya in C:\Users\dibya\OneDrive\Desktop\New folder\placement-backend)
2026-03-18T15:16:50.907+05:30  INFO 41588 --- [placement-backend] [           main] c.o.p.PlacementBackendApplication        : No active profile set, falling back to 1 default profile: "default"
2026-03-18T15:16:51.604+05:30  INFO 41588 --- [placement-backend] [           main] .s.d.r.c.RepositoryConfigurationDelegate : Bootstrapping Spring Data JPA repositories in DEFAULT mode.
2026-03-18T15:16:51.677+05:30  INFO 41588 --- [placement-backend] [           main] .s.d.r.c.RepositoryConfigurationDelegate : Finished Spring Data repository scanning in 65 ms. Found 7 JPA repository interfaces.
2026-03-18T15:16:52.246+05:30  INFO 41588 --- [placement-backend] [           main] o.s.boot.tomcat.TomcatWebServer          : Tomcat initialized with port 8080 (http)
2026-03-18T15:16:52.265+05:30  INFO 41588 --- [placement-backend] [           main] o.apache.catalina.core.StandardService   : Starting service [Tomcat]
2026-03-18T15:16:52.266+05:30  INFO 41588 --- [placement-backend] [           main] o.apache.catalina.core.StandardEngine    : Starting Servlet engine: [Apache Tomcat/11.0.18]
2026-03-18T15:16:52.336+05:30  INFO 41588 --- [placement-backend] [           main] b.w.c.s.WebApplicationContextInitializer : Root WebApplicationContext: initialization completed in 1378 ms
2026-03-18T15:16:52.482+05:30  INFO 41588 --- [placement-backend] [           main] org.hibernate.orm.jpa                    : HHH008540: Processing PersistenceUnitInfo [name: default]
2026-03-18T15:16:52.536+05:30  INFO 41588 --- [placement-backend] [           main] org.hibernate.orm.core                   : HHH000001: Hibernate ORM core version 7.2.4.Final
2026-03-18T15:16:53.045+05:30  INFO 41588 --- [placement-backend] [           main] o.s.o.j.p.SpringPersistenceUnitInfo      : No LoadTimeWeaver setup: ignoring JPA class transformer
2026-03-18T15:16:53.078+05:30  INFO 41588 --- [placement-backend] [           main] com.zaxxer.hikari.HikariDataSource       : HikariPool-1 - Starting...
2026-03-18T15:16:53.252+05:30  INFO 41588 --- [placement-backend] [           main] com.zaxxer.hikari.pool.HikariPool        : HikariPool-1 - Added connection com.mysql.cj.jdbc.ConnectionImpl@23bd2f6e
2026-03-18T15:16:53.254+05:30  INFO 41588 --- [placement-backend] [           main] com.zaxxer.hikari.HikariDataSource       : HikariPool-1 - Start completed.
2026-03-18T15:16:53.332+05:30  WARN 41588 --- [placement-backend] [           main] org.hibernate.orm.deprecation            : HHH90000025: MySQLDialect does not need to be specified explicitly using 'hibernate.dialect' (remove the property setting and it will be selected by default)
2026-03-18T15:16:53.351+05:30  INFO 41588 --- [placement-backend] [           main] org.hibernate.orm.connections.pooling    : HHH10001005: Database info:
	Database JDBC URL [jdbc:mysql://localhost:3306/orbit_placement?createDatabaseIfNotExist=true&useSSL=false&serverTimezone=UTC]
	Database driver: MySQL Connector/J
	Database dialect: MySQLDialect
	Database version: 8.0.42
	Default catalog/schema: orbit_placement/undefined
	Autocommit mode: undefined/unknown
	Isolation level: REPEATABLE_READ [default REPEATABLE_READ]
	JDBC fetch size: none
	Pool: DataSourceConnectionProvider
	Minimum pool size: undefined/unknown
	Maximum pool size: undefined/unknown
2026-03-18T15:16:54.810+05:30  INFO 41588 --- [placement-backend] [           main] org.hibernate.orm.core                   : HHH000489: No JTA platform available (set 'hibernate.transaction.jta.platform' to enable JTA platform integration)
Hibernate: create table admins (name varchar(255), id bigint not null, primary key (id)) engine=InnoDB
Hibernate: create table applications (id bigint not null auto_increment, applied_date datetime(6), resume_url varchar(255), status enum ('ACCEPTED','DECLINED','INTERVIEW_SCHEDULED','PENDING') not null, job_id bigint not null, student_id bigint not null, primary key (id)) engine=InnoDB
Hibernate: create table interviews (id bigint not null auto_increment, date_time datetime(6) not null, location varchar(255), meeting_link varchar(255), type enum ('OFFLINE','ONLINE') not null, application_id bigint not null, primary key (id)) engine=InnoDB
Hibernate: create table jobs (id bigint not null auto_increment, created_at datetime(6), description TEXT, location varchar(255), salary float(53), title varchar(255) not null, type varchar(255), recruiter_id bigint not null, primary key (id)) engine=InnoDB
Hibernate: create table recruiters (company_name varchar(255), designation varchar(255), status enum ('APPROVED','PENDING','REJECTED'), id bigint not null, primary key (id)) engine=InnoDB
Hibernate: create table students (branch varchar(255), cgpa float(53), name varchar(255), phone varchar(255), resume_url varchar(255), skills varchar(255), id bigint not null, primary key (id)) engine=InnoDB
Hibernate: create table users (id bigint not null auto_increment, created_at datetime(6) not null, email varchar(255) not null, password varchar(255) not null, role enum ('ADMIN','RECRUITER','STUDENT') not null, primary key (id)) engine=InnoDB
Hibernate: alter table interviews drop index UK1s2lyr9qjkomstvne9mi044cj
Hibernate: alter table interviews add constraint UK1s2lyr9qjkomstvne9mi044cj unique (application_id)
Hibernate: alter table users drop index UK6dotkott2kjsp8vw4d0m25fb7
Hibernate: alter table users add constraint UK6dotkott2kjsp8vw4d0m25fb7 unique (email)
Hibernate: alter table admins add constraint FKanhsicqm3lc8ya77tr7r0je18 foreign key (id) references users (id)
Hibernate: alter table applications add constraint FK65weib1lru9dkrbto5pv389vi foreign key (job_id) references jobs (id)
Hibernate: alter table applications add constraint FKbxjuiec753shgoyw6x0l8opn8 foreign key (student_id) references students (id)
Hibernate: alter table interviews add constraint FKok2bail5ls3jjbjgl5c6nt620 foreign key (application_id) references applications (id)
Hibernate: alter table jobs add constraint FKd8fvy5t8ref40fode1t1bku14 foreign key (recruiter_id) references recruiters (id)
Hibernate: alter table recruiters add constraint FK97pqd4rhhbppy5y4i70umm42s foreign key (id) references users (id)
Hibernate: alter table students add constraint FK7xqmtv7r2eb5axni3jm0a80su foreign key (id) references users (id)
2026-03-18T15:16:56.341+05:30  INFO 41588 --- [placement-backend] [           main] j.LocalContainerEntityManagerFactoryBean : Initialized JPA EntityManagerFactory for persistence unit 'default'
2026-03-18T15:16:56.425+05:30  INFO 41588 --- [placement-backend] [           main] o.s.d.j.r.query.QueryEnhancerFactories   : Hibernate is in classpath; If applicable, HQL parser will be used.
2026-03-18T15:16:57.990+05:30  INFO 41588 --- [placement-backend] [           main] eAuthenticationProviderManagerConfigurer : Global AuthenticationManager configured with AuthenticationProvider bean with name authenticationProvider
2026-03-18T15:16:57.991+05:30  WARN 41588 --- [placement-backend] [           main] r$InitializeUserDetailsManagerConfigurer : Global AuthenticationManager configured with an AuthenticationProvider bean. UserDetailsService beans will not be used by Spring Security for automatically configuring username/password login. Consider removing the AuthenticationProvider bean. Alternatively, consider using the UserDetailsService in a manually instantiated DaoAuthenticationProvider. If the current configuration is intentional, to turn off this warning, increase the logging level of 'org.springframework.security.config.annotation.authentication.configuration.InitializeUserDetailsBeanManagerConfigurer' to ERROR
2026-03-18T15:16:58.099+05:30  WARN 41588 --- [placement-backend] [           main] JpaBaseConfiguration$JpaWebConfiguration : spring.jpa.open-in-view is enabled by default. Therefore, database queries may be performed during view rendering. Explicitly configure spring.jpa.open-in-view to disable this warning
2026-03-18T15:16:58.639+05:30  WARN 41588 --- [placement-backend] [           main] ConfigServletWebServerApplicationContext : Exception encountered during context initialization - cancelling refresh attempt: org.springframework.context.ApplicationContextException: Failed to start bean 'webServerStartStop'
2026-03-18T15:16:58.641+05:30  INFO 41588 --- [placement-backend] [           main] j.LocalContainerEntityManagerFactoryBean : Closing JPA EntityManagerFactory for persistence unit 'default'
2026-03-18T15:16:58.643+05:30  INFO 41588 --- [placement-backend] [           main] com.zaxxer.hikari.HikariDataSource       : HikariPool-1 - Shutdown initiated...
2026-03-18T15:16:58.648+05:30  INFO 41588 --- [placement-backend] [           main] com.zaxxer.hikari.HikariDataSource       : HikariPool-1 - Shutdown completed.
2026-03-18T15:16:58.655+05:30  INFO 41588 --- [placement-backend] [           main] .s.b.a.l.ConditionEvaluationReportLogger : 

Error starting ApplicationContext. To display the condition evaluation report re-run your application with 'debug' enabled.
2026-03-18T15:16:58.668+05:30 ERROR 41588 --- [placement-backend] [           main] o.s.b.d.LoggingFailureAnalysisReporter   : 

***************************
APPLICATION FAILED TO START
***************************

Description:

Web server failed to start. Port 8080 was already in use.

Action:

Identify and stop the process that's listening on port 8080 or configure this application to listen on another port.

[INFO] ------------------------------------------------------------------------
[INFO] BUILD FAILURE
[INFO] ------------------------------------------------------------------------
[INFO] Total time:  11.015 s
[INFO] Finished at: 2026-03-18T15:16:58+05:30
[INFO] ------------------------------------------------------------------------
[ERROR] Failed to execute goal org.springframework.boot:spring-boot-maven-plugin:4.0.3:run (default-cli) on project placement: Process terminated with exit code: 1 -> [Help 1]
[ERROR] 
[ERROR] To see the full stack trace of the errors, re-run Maven with the -e switch.
[ERROR] Re-run Maven using the -X switch to enable full debug logging.
[ERROR] 
[ERROR] For more information about the errors and possible solutions, please read the following articles:
[ERROR] [Help 1] http://cwiki.apache.org/confluence/display/MAVEN/MojoExecutionException
