[INFO] Scanning for projects...
[INFO] 
[INFO] -----------------------< com.example:placement >------------------------
[INFO] Building placement-backend 0.0.1-SNAPSHOT
[INFO]   from pom.xml
[INFO] --------------------------------[ jar ]---------------------------------
[INFO] 
[INFO] >>> spring-boot:4.0.3:run (default-cli) > test-compile @ placement >>>
[INFO] 
[INFO] --- resources:3.3.1:resources (default-resources) @ placement ---
[INFO] Copying 1 resource from src\main\resources to target\classes
[INFO] Copying 0 resource from src\main\resources to target\classes
[INFO] 
[INFO] --- compiler:3.14.1:compile (default-compile) @ placement ---
[INFO] Nothing to compile - all classes are up to date.
[INFO] 
[INFO] --- resources:3.3.1:testResources (default-testResources) @ placement ---
[INFO] skip non existing resourceDirectory C:\Users\dibya\OneDrive\Desktop\New folder\placement-backend\src\test\resources
[INFO] 
[INFO] --- compiler:3.14.1:testCompile (default-testCompile) @ placement ---
[INFO] Nothing to compile - all classes are up to date.
[INFO] 
[INFO] <<< spring-boot:4.0.3:run (default-cli) < test-compile @ placement <<<
[INFO] 
[INFO] 
[INFO] --- spring-boot:4.0.3:run (default-cli) @ placement ---
[INFO] Attaching agents: []

  .   ____          _            __ _ _
 /\\ / ___'_ __ _ _(_)_ __  __ _ \ \ \ \
( ( )\___ | '_ | '_| | '_ \/ _` | \ \ \ \
 \\/  ___)| |_)| | | | | || (_| |  ) ) ) )
  '  |____| .__|_| |_|_| |_\__, | / / / /
 =========|_|==============|___/=/_/_/_/

 :: Spring Boot ::                (v4.0.3)

2026-03-18T15:21:14.497+05:30  INFO 38872 --- [placement-backend] [           main] c.o.p.PlacementBackendApplication        : Starting PlacementBackendApplication using Java 21.0.2 with PID 38872 (C:\Users\dibya\OneDrive\Desktop\New folder\placement-backend\target\classes started by dibya in C:\Users\dibya\OneDrive\Desktop\New folder\placement-backend)
2026-03-18T15:21:14.501+05:30  INFO 38872 --- [placement-backend] [           main] c.o.p.PlacementBackendApplication        : No active profile set, falling back to 1 default profile: "default"
2026-03-18T15:21:15.381+05:30  INFO 38872 --- [placement-backend] [           main] .s.d.r.c.RepositoryConfigurationDelegate : Bootstrapping Spring Data JPA repositories in DEFAULT mode.
2026-03-18T15:21:15.464+05:30  INFO 38872 --- [placement-backend] [           main] .s.d.r.c.RepositoryConfigurationDelegate : Finished Spring Data repository scanning in 73 ms. Found 7 JPA repository interfaces.
2026-03-18T15:21:16.071+05:30  INFO 38872 --- [placement-backend] [           main] o.s.boot.tomcat.TomcatWebServer          : Tomcat initialized with port 8080 (http)
2026-03-18T15:21:16.085+05:30  INFO 38872 --- [placement-backend] [           main] o.apache.catalina.core.StandardService   : Starting service [Tomcat]
2026-03-18T15:21:16.085+05:30  INFO 38872 --- [placement-backend] [           main] o.apache.catalina.core.StandardEngine    : Starting Servlet engine: [Apache Tomcat/11.0.18]
2026-03-18T15:21:16.146+05:30  INFO 38872 --- [placement-backend] [           main] b.w.c.s.WebApplicationContextInitializer : Root WebApplicationContext: initialization completed in 1585 ms
2026-03-18T15:21:16.290+05:30  INFO 38872 --- [placement-backend] [           main] org.hibernate.orm.jpa                    : HHH008540: Processing PersistenceUnitInfo [name: default]
2026-03-18T15:21:16.365+05:30  INFO 38872 --- [placement-backend] [           main] org.hibernate.orm.core                   : HHH000001: Hibernate ORM core version 7.2.4.Final
2026-03-18T15:21:16.950+05:30  INFO 38872 --- [placement-backend] [           main] o.s.o.j.p.SpringPersistenceUnitInfo      : No LoadTimeWeaver setup: ignoring JPA class transformer
2026-03-18T15:21:17.008+05:30  INFO 38872 --- [placement-backend] [           main] com.zaxxer.hikari.HikariDataSource       : HikariPool-1 - Starting...
2026-03-18T15:21:17.213+05:30  INFO 38872 --- [placement-backend] [           main] com.zaxxer.hikari.pool.HikariPool        : HikariPool-1 - Added connection com.mysql.cj.jdbc.ConnectionImpl@1a67f8b4
2026-03-18T15:21:17.215+05:30  INFO 38872 --- [placement-backend] [           main] com.zaxxer.hikari.HikariDataSource       : HikariPool-1 - Start completed.
2026-03-18T15:21:17.288+05:30  WARN 38872 --- [placement-backend] [           main] org.hibernate.orm.deprecation            : HHH90000025: MySQLDialect does not need to be specified explicitly using 'hibernate.dialect' (remove the property setting and it will be selected by default)
2026-03-18T15:21:17.318+05:30  INFO 38872 --- [placement-backend] [           main] org.hibernate.orm.connections.pooling    : HHH10001005: Database info:
	Database JDBC URL [jdbc:mysql://localhost:3306/orbit_placement?createDatabaseIfNotExist=true&useSSL=false&serverTimezone=UTC]
	Database driver: MySQL Connector/J
	Database dialect: MySQLDialect
	Database version: 8.0.42
	Default catalog/schema: orbit_placement/undefined
	Autocommit mode: undefined/unknown
	Isolation level: REPEATABLE_READ [default REPEATABLE_READ]
	JDBC fetch size: none
	Pool: DataSourceConnectionProvider
	Minimum pool size: undefined/unknown
	Maximum pool size: undefined/unknown
2026-03-18T15:21:18.745+05:30  INFO 38872 --- [placement-backend] [           main] org.hibernate.orm.core                   : HHH000489: No JTA platform available (set 'hibernate.transaction.jta.platform' to enable JTA platform integration)
2026-03-18T15:21:18.840+05:30  INFO 38872 --- [placement-backend] [           main] j.LocalContainerEntityManagerFactoryBean : Initialized JPA EntityManagerFactory for persistence unit 'default'
2026-03-18T15:21:18.913+05:30  INFO 38872 --- [placement-backend] [           main] o.s.d.j.r.query.QueryEnhancerFactories   : Hibernate is in classpath; If applicable, HQL parser will be used.
2026-03-18T15:21:20.453+05:30  INFO 38872 --- [placement-backend] [           main] eAuthenticationProviderManagerConfigurer : Global AuthenticationManager configured with AuthenticationProvider bean with name authenticationProvider
2026-03-18T15:21:20.454+05:30  WARN 38872 --- [placement-backend] [           main] r$InitializeUserDetailsManagerConfigurer : Global AuthenticationManager configured with an AuthenticationProvider bean. UserDetailsService beans will not be used by Spring Security for automatically configuring username/password login. Consider removing the AuthenticationProvider bean. Alternatively, consider using the UserDetailsService in a manually instantiated DaoAuthenticationProvider. If the current configuration is intentional, to turn off this warning, increase the logging level of 'org.springframework.security.config.annotation.authentication.configuration.InitializeUserDetailsBeanManagerConfigurer' to ERROR
2026-03-18T15:21:20.572+05:30  WARN 38872 --- [placement-backend] [           main] JpaBaseConfiguration$JpaWebConfiguration : spring.jpa.open-in-view is enabled by default. Therefore, database queries may be performed during view rendering. Explicitly configure spring.jpa.open-in-view to disable this warning
2026-03-18T15:21:21.195+05:30  INFO 38872 --- [placement-backend] [           main] o.s.boot.tomcat.TomcatWebServer          : Tomcat started on port 8080 (http) with context path '/'
2026-03-18T15:21:21.201+05:30  INFO 38872 --- [placement-backend] [           main] c.o.p.PlacementBackendApplication        : Started PlacementBackendApplication in 7.207 seconds (process running for 7.753)
